
> samlauncher-sl@1.6.0 typecheck:web
> vue-tsc --noEmit -p tsconfig.web.json --composite false

src/renderer/src/App.vue(773,7): error TS6133: 'primaryRgb' is declared but its value is never read.
src/renderer/src/App.vue(774,7): error TS6133: 'secondaryRgb' is declared but its value is never read.
src/renderer/src/App.vue(775,7): error TS6133: 'primaryColor' is declared but its value is never read.
src/renderer/src/App.vue(1150,7): error TS6133: 'openInstanceSettings' is declared but its value is never read.
src/renderer/src/App.vue(2617,36): error TS2345: Argument of type '{ id: string; name: string; version: string; modloader: string; customJavaPath?: string | undefined; jvmArgs?: string | undefined; memoryMax?: string | undefined; memoryMin?: string | undefined; } | null' is not assignable to parameter of type 'SamInstance'.
  Type 'null' is not assignable to type 'SamInstance'.
src/renderer/src/App.vue(2635,36): error TS2345: Argument of type '{ id: string; name: string; version: string; modloader: string; customJavaPath?: string | undefined; jvmArgs?: string | undefined; memoryMax?: string | undefined; memoryMin?: string | undefined; } | null' is not assignable to parameter of type 'SamInstance'.
  Type 'null' is not assignable to type 'SamInstance'.
src/renderer/src/App.vue(2645,34): error TS2345: Argument of type '{ id: string; name: string; version: string; modloader: string; customJavaPath?: string | undefined; jvmArgs?: string | undefined; memoryMax?: string | undefined; memoryMin?: string | undefined; } | null' is not assignable to parameter of type 'SamInstance'.
  Type 'null' is not assignable to type 'SamInstance'.
